{
  "model": "golden-model",
  "provider": "golden-provider",
  "context_window": 200000,
  "depth": 1,
  "chunks_total": 2,
  "chunks_current": 2,
  "files_reviewed": 3,
  "files_total": 3,
  "checklist_items": 2,
  "token_usage": {
    "prompt": 2100,
    "completion": 600,
    "total": 2700
  },
  "cost_estimate_usd": 0.038000000000000006,
  "base_ref": "main",
  "head_ref": "feature/session-gate",
  "timestamp": "<timestamp>",
  "strictness": "balanced",
  "token_usage_estimated": false,
  "partial": false,
  "chunks_reviewed": 2,
  "stopped_reason": "",
  "duration_seconds": -1.0,
  "transport": "",
  "auth_mode": "",
  "cost_basis": "",
  "provider_source": "",
  "model_source": "",
  "transport_source": "",
  "max_cost_usd": null,
  "max_cost_usd_source": "",
  "phase_timings": {
    "context_collection": -1.0,
    "parse_merge": -1.0,
    "provider": -1.0
  },
  "timings": null,
  "custom_agents_run": 0,
  "custom_agents_skipped": 0,
  "reviewed_paths": [
    "assets/logo.png",
    "src/auth/session.py",
    "src/auth/tokens.py"
  ],
  "skipped_files": [],
  "coverage_degradations": [],
  "synthesis": null
}
