<!-- lintro-ai-review -->

## 🔎 Lintro Review — ⛔ Blocked

> ⚠️ **Round 3 could not complete** — pinned banner.

### Findings · Round 2 · `1111111` · coverage n/a · 1 open · 1 fixed this round

| Δ | Sev | Finding | Where | Since |
|:-:|:-:|---|---|---|
| — | 🔴 P1 | Unknown session status grants access | `src/auth/session.py:31` | round 1 |
| ✔ fixed | 🟠 P2 | ~~Token refresh drops the expiry~~ | `src/auth/tokens.py:44` | round 1 |

---

### 🕘 History · 1 previous run · 1 fixed · $0.2251 · 26.8k tokens

<details><summary>Run-by-run history</summary>

| 🔴 blockers | 🟠 warnings | 🟡 nits | ✔ fixed |
|:-:|:-:|:-:|:-:|
| **1** | **0** | **0** | **1** |

<details><summary><b>Round 1</b> · <code>1111111</code> · ⛔ blocked · 0 fixed, 2 left open · $0.1101 · 38s</summary>

| model | transport | est. cost | tokens in / out | depth | files | checks | duration |
| --- | --- | --- | --- |:-:|:-:|:-:|---|
| `claude-sonnet-4-20250514` | api · api-key | $0.1101 | 11,000 / 2,100 | 2 | 3 | 2 | 38s |

</details>

</details>

<sub>🤖 lintro review · findings are commented inline · [how to read this report](https://github.com/lgtm-hq/py-lintro/blob/main/docs/ai-review-report.md)</sub>